
 ⛅️ wrangler 4.118.0
────────────────────
✨ Compiled Worker successfully
Your Worker has access to the following bindings:
Binding                                                                   Resource                  Mode
env.CF_PAGES ("1")                                                        Environment Variable      local
env.CF_PAGES_BRANCH ("local")                                             Environment Variable      local
env.CF_PAGES_COMMIT_SHA ("0000000000000000000000000000000000000...")      Environment Variable      local
env.CF_PAGES_URL ("https://00000000.investment-finder.pa...")             Environment Variable      local

⎔ Starting local server...
[wrangler:info] Ready on http://127.0.0.1:8788
[wrangler:info] GET / 200 OK (161ms)
[wrangler:info] GET /styles.css 200 OK (26ms)
[wrangler:info] GET /app.js 200 OK (33ms)
[wrangler:info] GET /api/crypto 200 OK (417ms)
[wrangler:info] GET /api/overview 200 OK (2043ms)
[wrangler:info] GET /favicon.ico 200 OK (17ms)
[wrangler:info] GET /api/detail/AAPL 200 OK (3295ms)
[wrangler:info] GET /api/detail/AAPL 200 OK (2526ms)
✨ Compiled Worker successfully
⎔ Reloading local server...
⎔ Local server updated and ready
[wrangler:info] GET /api/detail/NEM 200 OK (5047ms)
✨ Compiled Worker successfully
⎔ Reloading local server...
⎔ Local server updated and ready
[wrangler:info] GET /api/detail/AMD 200 OK (54562ms)
[wrangler:info] GET /api/detail/INTU 200 OK (32061ms)
✨ Compiled Worker successfully
⎔ Reloading local server...
⎔ Local server updated and ready
[wrangler:info] GET /api/detail/INTU 200 OK (7329ms)
✨ Compiled Worker successfully
⎔ Reloading local server...
⎔ Local server updated and ready
[wrangler:info] GET /api/screener 200 OK (2296ms)
[wrangler:info] GET /api/detail/AAPL 200 OK (3838ms)
[wrangler:info] GET /api/detail/VUG 200 OK (1202ms)
[wrangler:info] GET /api/detail/COIN 200 OK (28712ms)
[wrangler:info] GET /api/detail/DDOG 200 OK (13552ms)
✨ Compiled Worker successfully
⎔ Reloading local server...
⎔ Local server updated and ready
✨ Compiled Worker successfully
⎔ Reloading local server...
⎔ Local server updated and ready
[wrangler:info] GET /api/detail/DDOG 200 OK (5530ms)
✨ Compiled Worker successfully
⎔ Reloading local server...
⎔ Local server updated and ready
[wrangler:info] GET /api/detail/DDOG 200 OK (28944ms)
[wrangler:info] GET /api/detail/SPY 200 OK (2262ms)
[wrangler:info] GET /api/detail/AAPL 200 OK (3778ms)
[wrangler:info] GET /api/detail/DDOG 200 OK (16166ms)
[wrangler:info] GET /api/detail/COIN 200 OK (29690ms)
[wrangler:info] GET /api/screener 200 OK (1403ms)
[wrangler:info] GET /api/screener 200 OK (1570ms)
[wrangler:info] GET / 304 Not Modified (65ms)
[wrangler:info] GET /styles.css 304 Not Modified (37ms)
[wrangler:info] GET /app.js 304 Not Modified (44ms)
[wrangler:info] GET /api/crypto 200 OK (412ms)
[wrangler:info] GET /api/overview 200 OK (2475ms)
[wrangler:info] GET /favicon.ico 304 Not Modified (20ms)
✨ Compiled Worker successfully
⎔ Reloading local server...
⎔ Local server updated and ready
✨ Compiled Worker successfully
⎔ Reloading local server...
⎔ Local server updated and ready
✨ Compiled Worker successfully
⎔ Reloading local server...
⎔ Local server updated and ready
[wrangler:info] GET /api/search 200 OK (694ms)
[wrangler:info] GET /api/screener 200 OK (720ms)
[wrangler:info] GET /api/screener 200 OK (1554ms)
[wrangler:info] GET / 200 OK (34ms)
[wrangler:info] GET /app.js 200 OK (17ms)
✨ Compiled Worker successfully
⎔ Reloading local server...
⎔ Local server updated and ready
[wrangler:info] GET /api/search 200 OK (970ms)
[wrangler:info] GET / 200 OK (32ms)
[wrangler:info] GET /styles.css 200 OK (22ms)
[wrangler:info] GET /app.js 200 OK (29ms)
[wrangler:info] GET /api/crypto 200 OK (680ms)
[wrangler:info] GET /favicon.ico 200 OK (13ms)
[wrangler:info] GET /api/overview 200 OK (2428ms)
[wrangler:info] GET /api/search 200 OK (379ms)
[wrangler:info] GET /api/detail/UBER 200 OK (23803ms)
[wrangler:info] GET /api/screener 200 OK (1795ms)
[wrangler:info] GET /api/detail/GLD 200 OK (2709ms)
[wrangler:info] GET /api/detail/UBER 200 OK (65504ms)
[wrangler:info] GET /api/detail/XLU 200 OK (1839ms)
[wrangler:info] GET /api/detail/AAPL 200 OK (3384ms)
[wrangler:info] GET /api/detail/SPY 200 OK (1634ms)
[wrangler:info] GET /api/detail/UBER 200 OK (9254ms)
[wrangler:info] GET /api/detail/UBER 200 OK (27187ms)
[wrangler:info] GET /api/detail/UBER 200 OK (34843ms)
✨ Compiled Worker successfully
⎔ Reloading local server...
⎔ Local server updated and ready
[wrangler:info] GET /api/detail/UBER 200 OK (19341ms)
[wrangler:info] GET /api/detail/UBER 200 OK (21719ms)
[wrangler:info] GET /api/detail/UBER 200 OK (10795ms)
✨ Compiled Worker successfully
⎔ Reloading local server...
⎔ Local server updated and ready
✨ Compiled Worker successfully
⎔ Reloading local server...
⎔ Local server updated and ready
✨ Compiled Worker successfully
⎔ Reloading local server...
⎔ Local server updated and ready
✨ Compiled Worker successfully
⎔ Reloading local server...
⎔ Local server updated and ready
[wrangler:info] GET /api/detail/UBER 200 OK (6739ms)
✨ Compiled Worker successfully
⎔ Reloading local server...
⎔ Local server updated and ready
✨ Compiled Worker successfully
⎔ Reloading local server...
⎔ Local server updated and ready
✨ Compiled Worker successfully
⎔ Reloading local server...
⎔ Local server updated and ready
[wrangler:info] GET /api/detail/UBER 200 OK (5996ms)
✨ Compiled Worker successfully
⎔ Reloading local server...
⎔ Local server updated and ready
[wrangler:info] GET /api/debug-env 200 OK (12ms)
